// Jest Snapshot v1, https://goo.gl/fbAQLP

exports[`A loading component should render a spinner 1`] = `
<mock-render
  __ngContext__={[Function LRootView]}
>
  <examples-loading>
    <mat-spinner />
  </examples-loading>
</mock-render>
`;
