// Jest Snapshot v1, https://goo.gl/fbAQLP

exports[`Navbar should stay consistent 1`] = `
<mock-render
  __ngContext__="0"
>
  <layout-navbar>
    <mat-toolbar
      class="w-screen"
      color="primary"
    >
    </mat-toolbar>
  </layout-navbar>
</mock-render>
`;
