// Jest Snapshot v1, https://goo.gl/fbAQLP

exports[`A user viewing their results should see a consistent layout 1`] = `
<mock-render
  __ngContext__="0"
>
  <basics-weather-results>
    <div
      class="grid grid-cols-3 gap-4"
    >
      <mat-card
        id="location-Stuttgart"
      >
        <mat-card-title>
           Stuttgart 
        </mat-card-title>
        <mat-divider />
        <mat-card-content>
           The current temperature is: 25 °C 
          <button
            color="primary"
            mat-raised-button=""
          >
            Save Location & Reload
          </button>
        </mat-card-content>
      </mat-card>
      <mat-card
        id="location-Freiburg"
      >
        <mat-card-title>
           Freiburg 
        </mat-card-title>
        <mat-divider />
        <mat-card-content>
           The current temperature is: 22 °C 
          <button
            color="primary"
            mat-raised-button=""
          >
            Save Location & Reload
          </button>
        </mat-card-content>
      </mat-card>
    </div>
  </basics-weather-results>
</mock-render>
`;
