// Jest Snapshot v1, https://goo.gl/fbAQLP

exports[`A loading component should render a spinner 1`] = `
<mock-render
  __ngContext__="0"
>
  <weather-loading>
    <mat-spinner />
  </weather-loading>
</mock-render>
`;
